2026-08-25 03:52:11 PARSED SUCCESS
USERNAME: test
AMOUNT: 500
SENDER: 01776159990
TRXID: ABC123XYZ

2026-08-25 03:52:11 RESULT
Array
(
    [status] => error
    [gateway] => bKash
    [message] => Router configuration missing
)


2026-08-25 03:52:21 PARSED SUCCESS
USERNAME: test
AMOUNT: 500
SENDER: 01776159990
TRXID: ABC123YZ

2026-08-25 03:52:21 RESULT
Array
(
    [status] => error
    [gateway] => bKash
    [message] => Router configuration missing
)


2026-08-25 03:52:53 PARSED SUCCESS
USERNAME: test
AMOUNT: 500
SENDER: 01776159990
TRXID: ABC123YZ

2026-08-25 03:52:53 RESULT
Array
(
    [status] => error
    [gateway] => bKash
    [message] => Router configuration missing
)


2026-08-25 03:54:15 PARSED SUCCESS
USERNAME: test
AMOUNT: 500
SENDER: 01776159990
TRXID: ABC125567YZ

2026-08-25 03:54:15 RESULT
Array
(
    [status] => error
    [gateway] => bKash
    [message] => Router configuration missing
)


2026-08-25 03:54:34 PARSED SUCCESS
USERNAME: test
AMOUNT: 500
SENDER: 01776159990
TRXID: ABC125567YZ

2026-08-25 03:54:34 RESULT
Array
(
    [status] => error
    [gateway] => bKash
    [message] => Router configuration missing
)


2026-08-25 03:54:39 PARSED SUCCESS
USERNAME: test
AMOUNT: 500
SENDER: 01776159990
TRXID: ABC12557YZ

2026-08-25 03:54:39 RESULT
Array
(
    [status] => error
    [gateway] => bKash
    [message] => Router configuration missing
)


2026-08-25 03:55:20 PARSED SUCCESS
USERNAME: test
AMOUNT: 500
SENDER: 01776159990
TRXID: ABC12557YZ

2026-08-25 03:55:20 RESULT
Array
(
    [status] => error
    [gateway] => bKash
    [message] => Router configuration missing
)


2026-08-25 03:57:01 PARSED SUCCESS
USERNAME: test
AMOUNT: 500
SENDER: 01776159990
TRXID: ABC12557YZ

2026-08-25 03:57:01 RESULT
Array
(
    [status] => error
    [gateway] => bKash
    [message] => Router configuration missing
)


2026-08-25 03:57:59 PARSED SUCCESS
USERNAME: test
AMOUNT: 500
SENDER: 01776159990
TRXID: ABC12557YZ

2026-08-25 03:57:59 RESULT
Array
(
    [status] => error
    [gateway] => bKash
    [message] => Router configuration missing
)


2026-08-25 03:59:00 PARSED SUCCESS
USERNAME: test
AMOUNT: 500
SENDER: 01776159990
TRXID: ABC12557YZ

2026-08-25 03:59:01 RESULT
Array
(
    [status] => success
    [gateway] => bKash
    [message] => Recharge completed
    [username] => test
    [amount] => 500
    [trxid] => ABC12557YZ
)


