2026-07-26 01:27:53 PARSED SUCCESS
USERNAME: fahad
AMOUNT: 10
SENDER: 01713900502
TRXID: DGQ7Q2BCCH

2026-07-26 01:27:53 ERROR
MESSAGE: SQLSTATE[42S22]: Column not found: 1054 Unknown column 'notes' in 'WHERE'
FILE: /www/wwwroot/103.190.228.125/panel/system/orm.php
LINE: 524

2026-07-26 01:30:00 PARSED SUCCESS
USERNAME: fahad
AMOUNT: 10
SENDER: 01713900502
TRXID: DGQ7Q2BCCH

2026-07-26 01:30:00 CUSTOMER FOUND ID: 25
2026-07-26 01:30:00 ERROR
MESSAGE: Plan not found : 10
FILE: /www/wwwroot/103.190.228.125/panel/plugin/auto_payment.php
LINE: 231

2026-07-26 01:30:00 PARSED SUCCESS
USERNAME: fahad
AMOUNT: 10
SENDER: 01713900502
TRXID: DGQ7Q2BCCH

2026-07-26 01:30:00 CUSTOMER FOUND ID: 25
2026-07-26 01:30:00 ERROR
MESSAGE: Plan not found : 10
FILE: /www/wwwroot/103.190.228.125/panel/plugin/auto_payment.php
LINE: 231

2026-07-26 01:35:20 PARSED SUCCESS
USERNAME: fahad
AMOUNT: 300.00
SENDER: 01713900502
TRXID: DGQ7Q2BCCH

2026-07-26 01:35:20 CUSTOMER FOUND ID: 25
2026-07-26 01:35:20 ERROR
MESSAGE: Plan not found : 300.00
FILE: /www/wwwroot/103.190.228.125/panel/plugin/auto_payment.php
LINE: 235

2026-07-26 01:39:51 PARSED SUCCESS
USERNAME: fahad
AMOUNT: 300
SENDER: 01713900502
TRXID: DGQ7Q2BBCH

2026-07-26 01:39:51 CUSTOMER FOUND ID: 25
2026-07-26 01:39:51 PLAN FOUND
ID: 1
NAME: 50 Mbps_300TK
PRICE: 300
ROUTER: Mikrotik

2026-07-26 01:39:51 START RECHARGE
2026-07-26 01:39:52 RECHARGE SUCCESS
INV-29

2026-07-26 01:46:34 ERROR
MESSAGE: SMS format invalid
FILE: /www/wwwroot/103.190.228.125/panel/plugin/auto_payment.php
LINE: 81

2026-07-26 02:13:45 PARSED SUCCESS
USERNAME: fahad
AMOUNT: 300
SENDER: 01713900502
TRXID: DGQ9Q3IZUR

2026-07-26 02:13:45 CUSTOMER FOUND ID: 25
2026-07-26 02:13:45 PLAN FOUND
ID: 1
NAME: 50 Mbps_300TK
PRICE: 300
ROUTER: Mikrotik

2026-07-26 02:13:45 START RECHARGE
2026-07-26 02:13:45 RECHARGE SUCCESS
INV-30

2026-07-26 02:17:54 PARSED SUCCESS
USERNAME: habib
AMOUNT: 400
SENDER: 01713900502
TRXID: DGQ1Q3K4RL

2026-07-26 02:17:54 CUSTOMER FOUND ID: 15
2026-07-26 02:17:54 PLAN FOUND
ID: 3
NAME: 100Mbps_400TK
PRICE: 400
ROUTER: Mikrotik

2026-07-26 02:17:54 START RECHARGE
2026-07-26 02:17:54 RECHARGE SUCCESS
INV-31

2026-07-26 18:40:44 PARSED SUCCESS
USERNAME: anisha
AMOUNT: 300
SENDER: 01816270361
TRXID: DGQ7QUB1XL

2026-07-26 18:40:44 CUSTOMER FOUND ID: 8
2026-07-26 18:40:44 PLAN FOUND
ID: 1
NAME: 50 Mbps_300TK
PRICE: 300
ROUTER: Mikrotik

2026-07-26 18:40:44 START RECHARGE
2026-07-26 18:40:45 RECHARGE SUCCESS
INV-32

2026-07-29 15:26:07 ERROR
MESSAGE: SMS format invalid
FILE: /www/wwwroot/103.190.228.125/panel/plugin/auto_payment.php
LINE: 81

2026-07-29 15:26:11 ERROR
MESSAGE: SMS format invalid
FILE: /www/wwwroot/103.190.228.125/panel/plugin/auto_payment.php
LINE: 81

2026-07-29 15:30:48 PARSED SUCCESS
USERNAME: anisha
AMOUNT: 300
SENDER: 01816270361
TRXID: DGQ7QUB1XL

2026-07-29 15:31:26 PARSED SUCCESS
USERNAME: anisha
AMOUNT: 300
SENDER: 01816270361
TRXID: DGH7QUB1XL

2026-07-29 15:31:26 CUSTOMER FOUND ID: 8
2026-07-29 15:31:26 PLAN FOUND
ID: 1
NAME: 50 Mbps_300TK
PRICE: 300
ROUTER: Mikrotik

2026-07-29 15:31:26 START RECHARGE
2026-07-29 15:31:27 RECHARGE SUCCESS
INV-33

2026-07-30 23:49:25 PARSED SUCCESS
USERNAME: fahad
AMOUNT: 300
SENDER: 01713900502
TRXID: DGU5W3HQLB

2026-07-30 23:49:25 CUSTOMER FOUND ID: 25
2026-07-30 23:49:25 PLAN FOUND
ID: 1
NAME: 50 Mbps_300TK
PRICE: 300
ROUTER: Mikrotik

2026-07-30 23:49:25 START RECHARGE
2026-07-30 23:49:25 RECHARGE SUCCESS
INV-34

2026-07-31 00:08:14 PARSED SUCCESS
USERNAME: zihad
AMOUNT: 300
SENDER: 01713900502
TRXID: DGV2W3YYRC

2026-07-31 00:08:14 CUSTOMER FOUND ID: 26
2026-07-31 00:08:14 PLAN FOUND
ID: 1
NAME: 50 Mbps_300TK
PRICE: 300
ROUTER: Mikrotik

2026-07-31 00:08:14 START RECHARGE
2026-07-31 00:08:15 RECHARGE SUCCESS
INV-35

2026-08-05 15:26:08 PARSED SUCCESS
USERNAME: safa
AMOUNT: 300
SENDER: 01990653327
TRXID: DH575FUD2R

2026-08-05 15:26:08 CUSTOMER FOUND ID: 17
2026-08-05 15:26:08 PLAN FOUND
ID: 1
NAME: 50 Mbps_300TK
PRICE: 300
ROUTER: Mikrotik

2026-08-05 15:26:08 START RECHARGE
2026-08-05 15:26:09 RECHARGE SUCCESS
INV-40

2026-08-05 22:28:19 PARSED SUCCESS
USERNAME: Tabassum
AMOUNT: 300
SENDER: 01722734838
TRXID: DH575YAVWZ

2026-08-05 22:28:19 CUSTOMER FOUND ID: 12
2026-08-05 22:28:19 PLAN FOUND
ID: 1
NAME: 50 Mbps_300TK
PRICE: 300
ROUTER: Mikrotik

2026-08-05 22:28:19 START RECHARGE
2026-08-05 22:28:19 RECHARGE SUCCESS
INV-41

2026-08-06 02:20:21 PARSED SUCCESS
USERNAME: Nayeem
AMOUNT: 300
SENDER: 01920481537
TRXID: DH6062O01C

2026-08-06 02:20:21 CUSTOMER FOUND ID: 1
2026-08-06 02:20:21 PLAN FOUND
ID: 1
NAME: 50 Mbps_300TK
PRICE: 300
ROUTER: Mikrotik

2026-08-06 02:20:21 START RECHARGE
2026-08-06 02:20:21 RECHARGE SUCCESS
INV-43

2026-08-06 23:06:18 PARSED SUCCESS
USERNAME: prachurjo
AMOUNT: 350
SENDER: 01712342946
TRXID: DH6477A1R2

2026-08-06 23:06:18 CUSTOMER FOUND ID: 23
2026-08-06 23:06:18 PLAN FOUND
ID: 2
NAME: 75 Mbps_350TK
PRICE: 350
ROUTER: Mikrotik

2026-08-06 23:06:18 START RECHARGE
2026-08-06 23:06:18 RECHARGE SUCCESS
INV-46

2026-08-07 11:32:33 PARSED SUCCESS
USERNAME: shahin
AMOUNT: 300
SENDER: 01942275217
TRXID: DH717KCJ0D

2026-08-07 11:32:33 CUSTOMER FOUND ID: 20
2026-08-07 11:32:33 PLAN FOUND
ID: 1
NAME: 50 Mbps_300TK
PRICE: 300
ROUTER: Mikrotik

2026-08-07 11:32:33 START RECHARGE
2026-08-07 11:32:39 RECHARGE SUCCESS
INV-47

2026-08-07 19:58:46 PARSED SUCCESS
USERNAME: lamia
AMOUNT: 300
SENDER: 01537272260
TRXID: DH7183MJCR

2026-08-07 19:58:46 CUSTOMER FOUND ID: 21
2026-08-07 19:58:46 PLAN FOUND
ID: 1
NAME: 50 Mbps_300TK
PRICE: 300
ROUTER: Mikrotik

2026-08-07 19:58:46 START RECHARGE
2026-08-07 19:58:52 RECHARGE SUCCESS
INV-50

2026-08-07 20:00:31 PARSED SUCCESS
USERNAME: ratul
AMOUNT: 400
SENDER: 01746207128
TRXID: DH7083RBM4

2026-08-07 20:00:31 CUSTOMER FOUND ID: 3
2026-08-07 20:00:31 PLAN FOUND
ID: 3
NAME: 100Mbps_400TK
PRICE: 400
ROUTER: Mikrotik

2026-08-07 20:00:31 START RECHARGE
2026-08-07 20:00:37 RECHARGE SUCCESS
INV-51

2026-08-07 20:05:43 PARSED SUCCESS
USERNAME: rifat
AMOUNT: 300
SENDER: 01746207128
TRXID: DH748410RE

2026-08-07 20:05:43 CUSTOMER FOUND ID: 10
2026-08-07 20:05:43 PLAN FOUND
ID: 1
NAME: 50 Mbps_300TK
PRICE: 300
ROUTER: Mikrotik

2026-08-07 20:05:43 START RECHARGE
2026-08-07 20:05:49 RECHARGE SUCCESS
INV-52

2026-08-10 00:32:26 PARSED SUCCESS
USERNAME: zihad
AMOUNT: 300
SENDER: 01953385561
TRXID: DHA3APR48T

2026-08-10 00:32:26 CUSTOMER FOUND ID: 26
2026-08-10 00:32:26 PLAN FOUND
ID: 1
NAME: 50 Mbps_300TK
PRICE: 300
ROUTER: Mikrotik

2026-08-10 00:32:26 START RECHARGE
2026-08-10 00:32:32 RECHARGE SUCCESS
INV-54

2026-08-10 18:59:09 PARSED SUCCESS
USERNAME: anika
AMOUNT: 300
SENDER: 01927055458
TRXID: DHA0BJD4E4

2026-08-10 18:59:09 ERROR
MESSAGE: User not found : anika
FILE: /www/wwwroot/103.190.228.125/panel/plugin/auto_payment.php
LINE: 179

2026-08-10 20:16:17 PARSED SUCCESS
USERNAME: 1
AMOUNT: 300
SENDER: 01851930063
TRXID: DHA1BNRIBB

2026-08-10 20:16:17 ERROR
MESSAGE: User not found : 1
FILE: /www/wwwroot/103.190.228.125/panel/plugin/auto_payment.php
LINE: 179

2026-08-19 22:08:26 PARSED SUCCESS
USERNAME: hasan
AMOUNT: 300
SENDER: 01312288282
TRXID: DHJ7M3D6WB

2026-08-19 22:08:26 CUSTOMER FOUND ID: 14
2026-08-19 22:08:26 PLAN FOUND
ID: 1
NAME: 50 Mbps_300TK
PRICE: 300
ROUTER: Mikrotik

2026-08-19 22:08:26 START RECHARGE
2026-08-19 22:08:32 RECHARGE SUCCESS
INV-66

