2026-07-26 01:27:53
RAW:
{
"from":"",
"msg":"You have received Tk 10.00 from 01713900502. Ref fahad. Fee Tk 0.00. Balance Tk 11.87. TrxID DGQ7Q2BCCH at 26/07/2026 00:41",
"timestamp":"1785007672517",
"sign":"HE6%2B%2BnR7loO74RyM5TOBn8gUnFKOzp%2FpPbW6oTxGtLU%3D"
}

2026-07-26 01:30:00
RAW:
{
"from":"",
"msg":"You have received Tk 10.00 from 01713900502. Ref fahad. Fee Tk 0.00. Balance Tk 11.87. TrxID DGQ7Q2BCCH at 26/07/2026 00:41",
"timestamp":"1785007798037",
"sign":"9cf9PEn7bLstQeleYjMdeI7%2F25l8aD%2Fn%2FuzA3jaG6AY%3D"
}

2026-07-26 01:30:00
RAW:
{
"from":"",
"msg":"You have received Tk 10.00 from 01713900502. Ref fahad. Fee Tk 0.00. Balance Tk 11.87. TrxID DGQ7Q2BCCH at 26/07/2026 00:41",
"timestamp":"1785007799617",
"sign":"UiaGLyIWWr81OIS7%2FFISDElcI2lb%2B%2FM34MD4TdBv6xM%3D"
}

2026-07-26 01:35:20
RAW:
{
"from":"01576791666",
"msg":"You have received Tk 300.00 from 01713900502. Ref fahad. Fee Tk 0.00. Balance Tk 11.87. TrxID DGQ7Q2BCCH at 26/07/2026 00:41",
"timestamp":"1785008119235",
"sign":"5TZsjJtK4UjZEDlSxqtVE0O%2F1znagBVbcZJD2ala2BQ%3D"
}

2026-07-26 01:39:51
RAW:
{
"from":"01576791666",
"msg":"You have received Tk 300.00 from 01713900502. Ref fahad. Fee Tk 0.00. Balance Tk 11.87. TrxID DGQ7Q2BBCH at 26/07/2026 00:41",
"timestamp":"1785008390756",
"sign":"ijoTE7PEBYnVvLitoeXPb%2FkZRdeVl3MQ0sTZ79cXt6I%3D"
}

2026-07-26 01:46:34
RAW:
{
"from":"19999999999",
"msg":"19999999999\n[bkash] Congratulations, the sender test is successful, please continue to add forwarding rules!\nSIM1_TestOperator_18888888888\nSubId：0\n2026-07-26 01:46:33",
"timestamp":"1785008793454",
"sign":"41uaAQHffOaO04rdoeoY5l0DTWgnll%2Fn4ugiqkfN6VM%3D"
}

2026-07-26 02:13:45
RAW:
{
"from":"bKash",
"msg":"You have received Tk 300.00 from 01713900502. Ref fahad. Fee Tk 0.00. Balance Tk 310.87. TrxID DGQ9Q3IZUR at 26/07/2026 02:13",
"timestamp":"1785010424241",
"sign":"%2Fg3f2RdFnk9oNi2R8AIbqERah36VQy%2FYQU5B8Z7Wok8%3D"
}

2026-07-26 02:17:54
RAW:
{
"from":"bKash",
"msg":"You have received Tk 400.00 from 01713900502. Ref habib. Fee Tk 0.00. Balance Tk 1,060.87. TrxID DGQ1Q3K4RL at 26/07/2026 02:17",
"timestamp":"1785010673233",
"sign":"J3FWh7c7M911hbAA5prUklirFAHbWQcQIoU77FPXx4I%3D"
}

2026-07-26 18:40:44
RAW:
{
"from":"bKash",
"msg":"You have received Tk 300.00 from 01816270361. Ref anisha. Fee Tk 0.00. Balance Tk 359.87. TrxID DGQ7QUB1XL at 26/07/2026 18:40",
"timestamp":"1785069642457",
"sign":"Ux5dyCM43ONEiOMsdWrQESYe9dcHB23ef%2FGSg0jAqpY%3D"
}

2026-07-29 15:26:07
RAW:
{

"from":"19999999999",

"msg":"19999999999\n[bkash] Congratulations, the sender test is successful, please continue to add forwarding rules!\nSIM1_TestOperator_18888888888\nSubId：0\n2026-07-29 15:25:44\ni15",

"timestamp":"1785317144764",

"sign":"SplbfpRfmpC1UQx2WbKJqWtnCuZcnrNAHWZTScRzF1U%3D"

}

2026-07-29 15:26:11
RAW:
{

"from":"19999999999",

"msg":"19999999999\n[bkash] Congratulations, the sender test is successful, please continue to add forwarding rules!\nSIM1_TestOperator_18888888888\nSubId：0\n2026-07-29 15:26:10\ni15",

"timestamp":"1785317171070",

"sign":"hR2%2Bnfw8iaCdXLEPgxLJ5az00hxpoobFhLW1Q61K%2BFA%3D"

}

2026-07-29 15:30:48
RAW:
{

"from":"01576791666",

"msg":"You have received Tk 300.00 from 01816270361. Ref anisha. Fee Tk 0.00. Balance Tk 359.87. TrxID DGQ7QUB1XL at 26/07/2026 18:40",

"timestamp":"1785317448161",

"sign":"QpUZ%2BlT02a7HbsH18%2FlUO%2FE%2BqTRR%2FJ8pXi5ajnrnGXg%3D"

}

2026-07-29 15:31:26
RAW:
{

"from":"",

"msg":"You have received Tk 300.00 from 01816270361. Ref anisha. Fee Tk 0.00. Balance Tk 359.87. TrxID DGH7QUB1XL at 26/07/2026 18:40",

"timestamp":"1785317486374",

"sign":"wgafxEKVf3lgHYJGsW7Ctt9LXg6WqM8sYuOUzsq%2F8ZY%3D"

}

2026-07-30 23:49:25
RAW:
{

"from":"bKash",

"msg":"You have received Tk 300.00 from 01713900502. Ref fahad. Fee Tk 0.00. Balance Tk 603.45. TrxID DGU5W3HQLB at 30/07/2026 23:49",

"timestamp":"1785433764919",

"sign":"2lqJreuRHGG5x9Cd%2FfwbiXQvEu6ocbSkRkLk8d1wVwk%3D"

}

2026-07-31 00:08:14
RAW:
{

"from":"bKash",

"msg":"You have received Tk 300.00 from 01713900502. Ref zihad. Fee Tk 0.00. Balance Tk 903.45. TrxID DGV2W3YYRC at 31/07/2026 00:08",

"timestamp":"1785434894664",

"sign":"27%2BxiC51GrjOjobVb9CTGfo14TlEmqFErtXlkJCdbtY%3D"

}

2026-08-05 15:26:08
RAW:
{

"from":"bKash",

"msg":"You have received Tk 300.00 from 01990653327. Ref safa. Fee Tk 0.00. Balance Tk 700.45. TrxID DH575FUD2R at 05/08/2026 15:25",

"timestamp":"1785921965274",

"sign":"CXrXS6MPBzL92ra5xH4fu1DwvG1nfEMiiLHH1JceZkI%3D"

}

2026-08-05 22:28:19
RAW:
{

"from":"bKash",

"msg":"You have received Tk 300.00 from 01722734838. Ref Tabassum. Fee Tk 0.00. Balance Tk 1,000.45. TrxID DH575YAVWZ at 05/08/2026 22:28",

"timestamp":"1785947297406",

"sign":"dzDnC%2BCCE%2B4f%2FR3IYyXb3jkGS5z7qSuGfljGWqdjeRs%3D"

}

2026-08-06 02:20:21
RAW:
{

"from":"bKash",

"msg":"You have received Tk 300.00 from 01920481537. Ref Nayeem. Fee Tk 0.00. Balance Tk 600.45. TrxID DH6062O01C at 06/08/2026 02:20",

"timestamp":"1785961219729",

"sign":"oXgn4SLqxV5NSv8wxEzLPk7T8g4SEtPyYZL4xVgHDQA%3D"

}

2026-08-06 23:06:18
RAW:
{

"from":"bKash",

"msg":"You have received Tk 350.00 from 01712342946. Ref prachurjo. Fee Tk 0.00. Balance Tk 1,777.67. TrxID DH6477A1R2 at 06/08/2026 23:05",

"timestamp":"1786035962937",

"sign":"V720nchhZ%2FLNIhfX3EEOGUyeo5QcEbHitQ0ukrejQQg%3D"

}

2026-08-07 11:32:33
RAW:
{

"from":"bKash",

"msg":"You have received Tk 300.00 from 01942275217. Ref shahin. Fee Tk 0.00. Balance Tk 1,077.67. TrxID DH717KCJ0D at 07/08/2026 11:32",

"timestamp":"1786080750485",

"sign":"u%2BzF%2FewM6oqOCP6t2NkxQ%2BRRr9Ax%2BgtN2rUyCdTfAVQ%3D"

}

2026-08-07 19:58:46
RAW:
{

"from":"bKash",

"msg":"You have received Tk 300.00 from 01537272260. Ref lamia. Fee Tk 0.00. Balance Tk 1,877.67. TrxID DH7183MJCR at 07/08/2026 19:57",

"timestamp":"1786111079887",

"sign":"Rj22dnH6k2SDGpR9zfTa6ydaRdbgU2cbFrqKKjVLizg%3D"

}

2026-08-07 20:00:31
RAW:
{

"from":"bKash",

"msg":"You have received Tk 400.00 from 01746207128. Ref ratul. Fee Tk 0.00. Balance Tk 2,277.67. TrxID DH7083RBM4 at 07/08/2026 20:00",

"timestamp":"1786111229987",

"sign":"BdirwhVchQORhF1feciCjsKwYvg0bsRsNmWcl82sdIY%3D"

}

2026-08-07 20:05:43
RAW:
{

"from":"bKash",

"msg":"You have received Tk 300.00 from 01746207128. Ref rifat. Fee Tk 0.00. Balance Tk 2,577.67. TrxID DH748410RE at 07/08/2026 20:05",

"timestamp":"1786111540097",

"sign":"7asRywVooEJ15mlbMdkfCwgFVOGBAKnTvoG2H472LMo%3D"

}

2026-08-10 00:32:26
RAW:
{

"from":"bKash",

"msg":"You have received Tk 300.00 from 01953385561. Ref zihad. Fee Tk 0.00. Balance Tk 308.45. TrxID DHA3APR48T at 10/08/2026 00:32",

"timestamp":"1786300346062",

"sign":"9h0mLct60DfgyAauViqPoKj9uo3Ry%2FWGjLXsV1j4AbM%3D"

}

2026-08-10 18:59:09
RAW:
{

"from":"bKash",

"msg":"You have received Tk 300.00 from 01927055458. Ref anika. Fee Tk 0.00. Balance Tk 306.08. TrxID DHA0BJD4E4 at 10/08/2026 18:58",

"timestamp":"1786366703558",

"sign":"meJZqSYPCZQYt2KvQ15nRVOKE5khLN6ciXrIK7KNL1E%3D"

}

2026-08-10 20:16:17
RAW:
{

"from":"bKash",

"msg":"You have received Tk 300.00 from 01851930063. Ref 1. Fee Tk 0.00. Balance Tk 606.08. TrxID DHA1BNRIBB at 10/08/2026 20:16",

"timestamp":"1786371374880",

"sign":"iGkaWxTio85EQi%2BlvcKzc7pMKNKsSJnvr%2BJZ%2FyG7%2Fj8%3D"

}

2026-08-19 22:08:26
RAW:
{

"from":"bKash",

"msg":"You have received Tk 300.00 from 01312288282. Ref hasan. Fee Tk 0.00. Balance Tk 719.45. TrxID DHJ7M3D6WB at 19/08/2026 22:08",

"timestamp":"1787155704598",

"sign":"dWxmSJtmD7XXk4HbAck2ZXwznWpE962SlWJe0ciqzcg%3D"

}

